[untalexito.com/index.html]
[backblue.gif]
[fade.gif]
[index.html]
[cdnjs.cloudflare.com/ajax/libs/font-awesome/6.4.0/css/all.min.css]
[cdn.jsdelivr.net/npm/swiper@9/swiper-bundle.min.css]
[untalexito.com/css/style.css]
[untalexito.com/index-2.html]
[untalexito.com/images/logo unt guinda circulo-17.png]
[untalexito.com/about.html]
[untalexito.com/courses.html]
[untalexito.com/contact.html]
[untalexito.com/honoris.html]
[untalexito.com/images/logo honoris-04.png]
[untalexito.com/images/IMG_9527.jpg]
[untalexito.com/images/IMG_9574.jpg]
[untalexito.com/images/IMG_9529.jpg]
[untalexito.com/images/IMG_9234.png]
[untalexito.com/images/DSC_0442.png]
[untalexito.com/images/DSC_0625.png]
[untalexito.com/images/DSC_0402.png]
[untalexito.com/images/DSC_0509.png]
[untalexito.com/images/WhatsApp Image 2023-03-05 at 11.07.09 AM (1)_auto_x2.jpg]
[untalexito.com/images/IMG_9366-removebg-preview.png]
[untalexito.com/images/IMG_9677.jpg]
[untalexito.com/images/IMG_9445.jpg]
[untalexito.com/images/imagen4.jpeg]
[untalexito.com/images/IMG_9247-removebg-preview.png]
[untalexito.com/images/IMG_9302-removebg-preview.png]
[untalexito.com/images/IMG_9294-removebg-preview.png]
[untalexito.com/privacidad.html]
[cdn.jsdelivr.net/npm/swiper@9/swiper-bundle.min.js]
[untalexito.com/script.js]
[connect.facebook.net/en_US/sdk.js]
[untalexito.com/index.html]
[cdnjs.cloudflare.com/ajax/libs/font-awesome/6.4.0/css/all.min.css]
[cdn.jsdelivr.net/npm/swiper@9/swiper-bundle.min.css]
[untalexito.com/css/style.css]
[untalexito.com/index-2.html]
[untalexito.com/home.1e.delayed]
[untalexito.com/images/62ef4e09-8c08-42e4-b750-22034d26b22e.JPG]
[untalexito.com/images/GY.png]
[untalexito.com/images/3e7e0d4a-529e-4850-97df-e45381341fa0.JPG]
[untalexito.com/images/9d763e83-90f8-46f4-a18f-c6dfe67c46fd.JPG]
[untalexito.com/images/f37060f8-c798-47cd-8de0-42ffd5ac6335.jpg]
[untalexito.com/images/HYHYTHGYTHGYTH.png]
[untalexito.com/images/WhatsApp Image 2023-03-05 at 11.07.24 AM.jpeg]
[untalexito.com/images/941868f9-cf0b-44d0-b8d6-ecff6638e1fb.jpg]
[untalexito.com/images/CHAVIRA.png]
[untalexito.com/about.html]
[untalexito.com/images/Captura de Pantalla 2023-05-14 a la(s) 3.41.25 a.m..png]
[untalexito.com/images/periodismo.png]
[untalexito.com/images/prepa.png]
[untalexito.com/images/sistemas.png]
[untalexito.com/images/My project1.png]
[untalexito.com/images/contador.png]
[untalexito.com/images/derecho.png]
[untalexito.com/images/aduana.png]
[untalexito.com/images/patroleo.png]
[untalexito.com/images/admini.png]
[untalexito.com/images/alta_dir.png]
[untalexito.com/images/IMG_9595.jpg]
[untalexito.com/images/adm.png]
[untalexito.com/images/ma-ed.png]
[untalexito.com/images/ma-polpub.png]
[untalexito.com/images/doctorado.png]
[untalexito.com/courses.html]
[untalexito.com/images/IMG_9256.jpg]
[untalexito.com/contact.html]
[untalexito.com/images/honoris2.png]
[untalexito.com/images/honoris1.JPG]
[untalexito.com/images/honoris2.JPG]
[untalexito.com/images/honoris3.JPG]
[untalexito.com/images/honoeis4.JPG]
[untalexito.com/images/honoris5.JPG]
[untalexito.com/images/honoris6.JPG]
[untalexito.com/images/honoris7.JPG]
[untalexito.com/images/honoris8.JPG]
[untalexito.com/images/hooris11.JPG]
[untalexito.com/images/honoris9.JPG]
[untalexito.com/images/honoris10.JPG]
[untalexito.com/images/honoris12.JPG]
[untalexito.com/honoris.html]
[untalexito.com/privacidad.html]
[connect.facebook.net/en_US/sdk.js]
[untalexito.com/home.html]
